============================================================
  Genesis Physics Audiobook Generator
  Voice: en-US-GuyNeural (Microsoft Neural TTS)
============================================================
  ffmpeg: not found (using binary concat - still works)


============================================================
  Genesis Physics (26 chapters + appendices)
============================================================
  Words: 66,342
  Estimated duration: 442 minutes (7.4 hours)
  Chunks: 171

  [1/171] Genesis Physics. A Theoretical Physics Framework Derived fro... 40KB
  [2/171] [ETA: 2.7 min] ......    Retry 1/3 in 1s: No audio was received. Please verify that your parameters are correct.
    Retry 2/3 in 2s: No audio was received. Please verify that your parameters are correct.
    FAILED after 3 attempts: No audio was received. Please verify that your parameters are correct.
 SKIP
  [3/171] [ETA: 8.6 min] Chapter 1: Introduction and Motivation  The Crisis in Modern... 1216KB
  [4/171] [ETA: 8.1 min] Physics has splintered into incompatible domains, each with ... 1439KB
  [5/171] [ETA: 7.6 min] What This Book Is:  An exploration of whether ancient texts,... 1536KB
  [6/171] [ETA: 15.5 min] It would explain why dark matter and energy exist (they are ... 1541KB
  [7/171] [ETA: 14.2 min] Chapter 7: Genesis Reinterpreted  (In full book) We walk thr... 632KB
  [8/171] [ETA: 12.7 min] ......    Retry 1/3 in 1s: No audio was received. Please verify that your parameters are correct.
    Retry 2/3 in 2s: No audio was received. Please verify that your parameters are correct.
    FAILED after 3 attempts: No audio was received. Please verify that your parameters are correct.
 SKIP
  [9/171] [ETA: 12.8 min] Chapter 2: Biblical Hermeneutics and Methodology  The Proble... 1516KB
  [10/171] [ETA: 12.0 min] At the Remez level, we ask: how do these natural phenomena e... 1580KB
  [11/171] [ETA: 15.9 min] Rather, we ask: does the operational behavior described in G... 1563KB
  [12/171] [ETA: 15.1 min] If the universe was created and is sustained by God, then ph... 1546KB
  [13/171] [ETA: 14.6 min] It recognizes that a genuine specification document can comm... 120KB
  [14/171] [ETA: 13.6 min] ......    Retry 1/3 in 1s: No audio was received. Please verify that your parameters are correct.
    Retry 2/3 in 2s: No audio was received. Please verify that your parameters are correct.
    FAILED after 3 attempts: No audio was received. Please verify that your parameters are correct.
 SKIP
  [15/171] [ETA: 13.5 min] Chapter 3: The Complete Zone Hierarchy  Introduction: Realit... 1725KB
  [16/171] [ETA: 12.9 min] Psalm 102:25-27 describes how God established the heavens wh... 1675KB
  [17/171] [ETA: 12.6 min] undefinedGlory:undefined Described in Scripture in superlati... 1633KB
  [18/171] [ETA: 14.0 min] The Initialization Sequence  God's creative act on Days 1-6 ... 1721KB
  [19/171] [ETA: 13.5 min] And there was evening and there was morning, a second day.” ... 1658KB
  [20/171] [ETA: 14.1 min] The Next Step  With the zone architecture established, we ca... 110KB
  [21/171] [ETA: 13.4 min] ......    Retry 1/3 in 1s: No audio was received. Please verify that your parameters are correct.
    Retry 2/3 in 2s: No audio was received. Please verify that your parameters are correct.
    FAILED after 3 attempts: No audio was received. Please verify that your parameters are correct.
 SKIP
  [22/171] [ETA: 13.3 min] Chapter 4: The Firmament as Membrane  The Physics of Genesis... 1579KB
  [23/171] [ETA: 12.9 min] Space vibrates (quantum fluctuations, gravitational waves). ... 1710KB
  [24/171] [ETA: 12.6 min] Consider sound waves: In the old paradigm, sound travels thr... 1596KB
  [25/171] [ETA: 12.4 min] This is what gives the membrane its dynamic character. From ... 1525KB
  [26/171] [ETA: 12.1 min] Quantum Scale: Zero-Point Fluctuations  At the smallest scal... 1580KB
  [27/171] [ETA: 11.9 min] It is a fundamental property of the Firmament membrane. It i... 1536KB
  [28/171] [ETA: 11.6 min] This is called heaven (שָׁמַיִם, shamayim), which means both... 1038KB
  [29/171] [ETA: 11.6 min] ......    Retry 1/3 in 1s: No audio was received. Please verify that your parameters are correct.
    Retry 2/3 in 2s: No audio was received. Please verify that your parameters are correct.
    FAILED after 3 attempts: No audio was received. Please verify that your parameters are correct.
 SKIP
  [30/171] [ETA: 11.6 min] Chapter 5: The Waters — Creation's Energy Reservoirs  The Ph... 1656KB
  [31/171] [ETA: 12.4 min] The quantum vacuum is the ground state of all fields togethe... 1673KB
  [32/171] [ETA: 12.8 min] In stellar cores, under extreme conditions of temperature an... 1572KB
  [33/171] [ETA: 13.1 min] High Kinetic Energy:  We speak of the Waters Above as 'hot' ... 1694KB
  [34/171] [ETA: 13.4 min] God may allow this to occur as judgment and renewal. Or it m... 1669KB
  [35/171] [ETA: 13.8 min] Dark Matter Search Failure:  For decades, physicists have se... 1453KB
  [36/171] [ETA: 14.0 min] 5.5.3 Prediction Accuracy  Our model makes a remarkable clai... 1577KB
  [37/171] [ETA: 14.5 min] In Revelation 21:1, John writes: 'And I saw a new heaven and... 829KB
  [38/171] [ETA: 14.5 min] ......    Retry 1/3 in 1s: No audio was received. Please verify that your parameters are correct.
    Retry 2/3 in 2s: No audio was received. Please verify that your parameters are correct.
    FAILED after 3 attempts: No audio was received. Please verify that your parameters are correct.
 SKIP
  [39/171] [ETA: 14.3 min] Chapter 6: The Six-Dimensional Embedding  The Physics of Gen... 1663KB
  [40/171] [ETA: 14.8 min] 6.2 The Six-Dimensional Coordinate System  6.2.1 The Full Co... 1708KB
  [41/171] [ETA: 15.0 min] We simply cannot move in those directions because we are con... 1614KB
  [42/171] [ETA: 15.0 min] How can information travel instantaneously from one particle... 1606KB
  [43/171] [ETA: 15.2 min] When a 3D object passes through the plane, the Flatlander se... 1754KB
  [44/171] [ETA: 15.7 min] 6.5 Why Gravity Is Weak: The Extra Dimension Solution  6.5.1... 1682KB
  [45/171] [ETA: 15.9 min] This makes sense in a 6D space with varying binding potentia... 1542KB
  [46/171] [ETA: 15.9 min] 6.7.3 Spirit as Higher-Dimensional Phenomenon  The Hebrew wo... 1250KB
  [47/171] [ETA: 16.1 min] ......    Retry 1/3 in 1s: No audio was received. Please verify that your parameters are correct.
    Retry 2/3 in 2s: No audio was received. Please verify that your parameters are correct.
    FAILED after 3 attempts: No audio was received. Please verify that your parameters are correct.
 SKIP
  [48/171] [ETA: 15.8 min] Chapter 7: The Three Fundamentals Redefined  “Substance exis... 1448KB
  [49/171] [ETA: 15.7 min] Their pressure manifests directly in what we observe as the ... 1457KB
  [50/171] [ETA: 15.6 min] The equivalence is expressed precisely in Einstein's E equal... 1451KB
  [51/171] [ETA: 15.7 min] This crossing is movement: energy changing configuration, su... 1490KB
  [52/171] [ETA: 15.7 min] God creates vegetation with seeds, capable of reproducing 'a... 1498KB
  [53/171] [ETA: 15.8 min] The pattern becomes self-maintaining, with the organized str... 1493KB
  [54/171] [ETA: 15.8 min] The three fundamentals are not separate or independent. They... 222KB
  [55/171] [ETA: 15.4 min] ......    Retry 1/3 in 1s: No audio was received. Please verify that your parameters are correct.
    Retry 2/3 in 2s: No audio was received. Please verify that your parameters are correct.
    FAILED after 3 attempts: No audio was received. Please verify that your parameters are correct.
 SKIP
  [56/171] [ETA: 15.2 min] Chapter 8: The Seven Base Pattern Types  “All complexity eme... 1517KB
  [57/171] [ETA: 15.1 min] While one might argue that a point is 'the limit of progress... 1577KB
  [58/171] [ETA: 15.5 min] 8.5 Pattern Type 4: Transformation (Change)  Transformation ... 1481KB
  [59/171] [ETA: 15.7 min] The quantum world is fundamentally governed by thresholds: e... 1558KB
  [60/171] [ETA: 15.7 min] A branching network combines Point (nodes), Extension (conne... 1204KB
  [61/171] [ETA: 15.6 min] ......    Retry 1/3 in 1s: No audio was received. Please verify that your parameters are correct.
    Retry 2/3 in 2s: No audio was received. Please verify that your parameters are correct.
    FAILED after 3 attempts: No audio was received. Please verify that your parameters are correct.
 SKIP
  [62/171] [ETA: 15.3 min] Chapter 9: Matter Formation — The Day 3 Gathering  “Let the ... 1487KB
  [63/171] [ETA: 15.4 min] The Supersaturated Solution Analogy  A useful physical analo... 1526KB
  [64/171] [ETA: 15.2 min] What begins as a slight concentration becomes a significant ... 1558KB
  [65/171] [ETA: 15.2 min] The cosmic microwave background—the relic radiation observed... 1556KB
  [66/171] [ETA: 15.1 min] 9.8 Other Observable Gathering Processes  The gathering prin... 1588KB
  [67/171] [ETA: 15.2 min] The reversibility observed validates the matter corresponds ... 1519KB
  [68/171] [ETA: 15.3 min] We can think God's thoughts after him, discovering the patte... 624KB
  [69/171] [ETA: 15.0 min] ......    Retry 1/3 in 1s: No audio was received. Please verify that your parameters are correct.
    Retry 2/3 in 2s: No audio was received. Please verify that your parameters are correct.
    FAILED after 3 attempts: No audio was received. Please verify that your parameters are correct.
 SKIP
  [70/171] [ETA: 14.8 min] Chapter 10: The Four Forces as Zone Interactions  10.1 Intro... 1651KB
  [71/171] [ETA: 14.8 min] Different frequencies are different modes: visible light, X-... 609KB
  [72/171] [ETA: 14.7 min] ......    Retry 1/3 in 1s: No audio was received. Please verify that your parameters are correct.
    Retry 2/3 in 2s: No audio was received. Please verify that your parameters are correct.
    FAILED after 3 attempts: No audio was received. Please verify that your parameters are correct.
 SKIP
  [73/171] [ETA: 14.4 min] Chapter 11: The Five Governing Principles  11.1 Introduction... 1768KB
  [74/171] [ETA: 14.4 min] ......    Retry 1/3 in 1s: No audio was received. Please verify that your parameters are correct.
    Retry 2/3 in 2s: No audio was received. Please verify that your parameters are correct.
    FAILED after 3 attempts: No audio was received. Please verify that your parameters are correct.
 SKIP
  [75/171] [ETA: 14.1 min] Chapter 12: Deriving All Conservation Laws  12.1 Introductio... 1891KB
  [76/171] [ETA: 14.0 min] Romans 1:20: God's 'invisible attributes...clearly perceived... 651KB
  [77/171] [ETA: 13.8 min] ......    Retry 1/3 in 1s: No audio was received. Please verify that your parameters are correct.
    Retry 2/3 in 2s: No audio was received. Please verify that your parameters are correct.
    FAILED after 3 attempts: No audio was received. Please verify that your parameters are correct.
 SKIP
  [78/171] [ETA: 13.6 min] Chapter 13: Complete Thermodynamic Derivation  The Physics o... 1651KB
  [79/171] [ETA: 13.5 min] Random thermal collisions naturally transfer energy from con... 1682KB
  [80/171] [ETA: 13.5 min] When energy enters a system as heat (Q), it either increases... 1641KB
  [81/171] [ETA: 13.3 min] Statistical Derivation of Entropy Increase  Entropy is defin... 1611KB
  [82/171] [ETA: 13.3 min] We depend on God not just for initial creation but for momen... 1645KB
  [83/171] [ETA: 13.2 min] Particles lose the energy that keeps them in potential wells... 1476KB
  [84/171] [ETA: 13.1 min] Beyond Standard Thermodynamics  Our framework explains what ... 1180KB
  [85/171] [ETA: 13.0 min] ......    Retry 1/3 in 1s: No audio was received. Please verify that your parameters are correct.
    Retry 2/3 in 2s: No audio was received. Please verify that your parameters are correct.
    FAILED after 3 attempts: No audio was received. Please verify that your parameters are correct.
 SKIP
  [86/171] [ETA: 12.8 min] Chapter 14: Genesis Day by Day—Technical Exegesis  The Physi... 1617KB
  [87/171] [ETA: 12.7 min] This is primordial Substance—the fundamental material from w... 1589KB
  [88/171] [ETA: 12.6 min] It is not empty space or atmosphere—it is a barrier, a membr... 1572KB
  [89/171] [ETA: 12.5 min] 14.6 Day 4: Luminaries Appointed  Genesis 1:14-19—Sun, Moon,... 1651KB
  [90/171] [ETA: 12.4 min] Dominion Over Creation  Genesis 1:28: "Have dominion over th... 1588KB
  [91/171] [ETA: 12.3 min] Quantum oscillations, atomic vibrations, planetary orbits, b... 435KB
  [92/171] [ETA: 12.1 min] ......    Retry 1/3 in 1s: No audio was received. Please verify that your parameters are correct.
    Retry 2/3 in 2s: No audio was received. Please verify that your parameters are correct.
    FAILED after 3 attempts: No audio was received. Please verify that your parameters are correct.
 SKIP
  [93/171] [ETA: 11.9 min] Chapter 15: Mathematical Foundations — From 1 equals 1 to Sp... 1629KB
  [94/171] [ETA: 11.9 min] In two dimensions, the inverse-distance laws of force are in... 1804KB
  [95/171] [ETA: 11.8 min] No universe as we know it. In [object Object], we have the f... 1692KB
  [96/171] [ETA: 11.8 min] ......    Retry 1/3 in 1s: No audio was received. Please verify that your parameters are correct.
    Retry 2/3 in 2s: No audio was received. Please verify that your parameters are correct.
    FAILED after 3 attempts: No audio was received. Please verify that your parameters are correct.
 SKIP
  [97/171] [ETA: 11.6 min] Chapter 16: Deriving Observable Laws  From Membrane Geometry... 1761KB
  [98/171] [ETA: 11.5 min] Positive charges can become negative and vice versa, charges... 1793KB
  [99/171] [ETA: 11.4 min] The Third Law: Action and Reaction  The third law follows di... 1729KB
  [100/171] [ETA: 11.3 min] This is what physics has always sought: simplicity underlyin... 94KB
  [101/171] [ETA: 11.0 min] ......    Retry 1/3 in 1s: No audio was received. Please verify that your parameters are correct.
    Retry 2/3 in 2s: No audio was received. Please verify that your parameters are correct.
    FAILED after 3 attempts: No audio was received. Please verify that your parameters are correct.
 SKIP
  [102/171] [ETA: 10.8 min] Chapter 17: Advanced Models — Zone Boundaries, Particles, an... 1664KB
  [103/171] [ETA: 10.7 min] Part II: Tier 2 - Zone Boundary Conditions and Pattern Spect... 1706KB
  [104/171] [ETA: 10.6 min] This perspective is [object Object] reducible to objective f... 1677KB
  [105/171] [ETA: 10.4 min] Three interpretations compete:  Copenhagen: Wave function is... 1552KB
  [106/171] [ETA: 10.3 min] It makes testable predictions:  Consciousness requires integ... 694KB
  [107/171] [ETA: 10.1 min] ......    Retry 1/3 in 1s: No audio was received. Please verify that your parameters are correct.
    Retry 2/3 in 2s: No audio was received. Please verify that your parameters are correct.
    FAILED after 3 attempts: No audio was received. Please verify that your parameters are correct.
 SKIP
  [108/171] [ETA: 9.9 min] Faster-Than-Light Travel in the Zone Architecture  Theologic... 1507KB
  [109/171] [ETA: 9.8 min] Gravity demonstrates that the membrane bends toward Waters B... 1744KB
  [110/171] [ETA: 9.7 min] Travel through the Waters where Firmament spatial distances ... 1641KB
  [111/171] [ETA: 9.6 min] The most advanced civilization would combine engineering exc... 900KB
  [112/171] [ETA: 9.4 min] ......    Retry 1/3 in 1s: No audio was received. Please verify that your parameters are correct.
    Retry 2/3 in 2s: No audio was received. Please verify that your parameters are correct.
    FAILED after 3 attempts: No audio was received. Please verify that your parameters are correct.
 SKIP
  [113/171] [ETA: 9.3 min] Energy Extraction from Creation  The Power Problem and the 9... 1682KB
  [114/171] [ETA: 9.1 min] (3) Membrane resonance tapping—resonant cavities tuned to sp... 1580KB
  [115/171] [ETA: 9.0 min] Available everywhere in the Firmament  Continuously replenis... 1244KB
  [116/171] [ETA: 8.8 min] ......    Retry 1/3 in 1s: No audio was received. Please verify that your parameters are correct.
    Retry 2/3 in 2s: No audio was received. Please verify that your parameters are correct.
    FAILED after 3 attempts: No audio was received. Please verify that your parameters are correct.
 SKIP
  [117/171] [ETA: 8.6 min] Black Holes in the Zone Framework  Understanding the Univers... 1682KB
  [118/171] [ETA: 8.5 min] The "singularity" is the zone boundary. From an infalling ob... 1731KB
  [119/171] [ETA: 8.4 min] Testable Predictions  Prediction 1: Gravitational Wave Echoe... 1787KB
  [120/171] [ETA: 8.3 min] In their extreme physics—intense curvature, time dilation, m... 262KB
  [121/171] [ETA: 8.1 min] ......    Retry 1/3 in 1s: No audio was received. Please verify that your parameters are correct.
    Retry 2/3 in 2s: No audio was received. Please verify that your parameters are correct.
    FAILED after 3 attempts: No audio was received. Please verify that your parameters are correct.
 SKIP
  [122/171] [ETA: 7.9 min] Chapter 21: Cosmology—Origins and Structure of the Universe ... 1498KB
  [123/171] [ETA: 7.8 min] Zechariah 12:1 - "the LORD, who stretched out the heavens" (... 1536KB
  [124/171] [ETA: 7.7 min] When the firmament was established, it possessed characteris... 1597KB
  [125/171] [ETA: 7.5 min] High-Redshift Galaxies and Mature Structures  Recent James W... 654KB
  [126/171] [ETA: 7.3 min] ......    Retry 1/3 in 1s: No audio was received. Please verify that your parameters are correct.
    Retry 2/3 in 2s: No audio was received. Please verify that your parameters are correct.
    FAILED after 3 attempts: No audio was received. Please verify that your parameters are correct.
 SKIP
  [127/171] [ETA: 7.1 min] Chapter 22: The Flood—A Zone Architecture Analysis  Introduc... 1604KB
  [128/171] [ETA: 7.0 min] For perhaps the first time in Earth's history, convection ce... 1754KB
  [129/171] [ETA: 6.9 min] Factors included atmospheric changes, genetic bottleneck eff... 807KB
  [130/171] [ETA: 6.7 min] ......    Retry 1/3 in 1s: No audio was received. Please verify that your parameters are correct.
    Retry 2/3 in 2s: No audio was received. Please verify that your parameters are correct.
    FAILED after 3 attempts: No audio was received. Please verify that your parameters are correct.
 SKIP
  [131/171] [ETA: 6.5 min] Chapter 23: Starlight, Time, and Radiometric Dating  Introdu... 1658KB
  [132/171] [ETA: 6.4 min] This concordance is cited as proof. But concordance actually... 1747KB
  [133/171] [ETA: 6.2 min] Moreover, mechanisms are physically related: rapid Firmament... 784KB
  [134/171] [ETA: 6.1 min] ......    Retry 1/3 in 1s: No audio was received. Please verify that your parameters are correct.
    Retry 2/3 in 2s: No audio was received. Please verify that your parameters are correct.
    FAILED after 3 attempts: No audio was received. Please verify that your parameters are correct.
 SKIP
  [135/171] [ETA: 5.9 min] Chapter 24: Validation and Testable Predictions  24.1 Introd... 1812KB
  [136/171] [ETA: 5.7 min] Mathematical property: phi 2 equals phi + 1 (self-referentia... 1768KB
  [137/171] [ETA: 5.6 min] (2) Do consciousness studies consistently find irreducible a... 1632KB
  [138/171] [ETA: 5.4 min] 24.6 Current Status of Validation  24.6.1 Strong Validation ... 1872KB
  [139/171] [ETA: 5.3 min] True predictions require framework to mature mathematically,... 640KB
  [140/171] [ETA: 5.1 min] ......    Retry 1/3 in 1s: No audio was received. Please verify that your parameters are correct.
    Retry 2/3 in 2s: No audio was received. Please verify that your parameters are correct.
    FAILED after 3 attempts: No audio was received. Please verify that your parameters are correct.
 SKIP
  [141/171] [ETA: 4.9 min] Chapter 25: Theological and Philosophical Implications  25.1... 1772KB
  [142/171] [ETA: 4.8 min] 25.3 The Intelligibility of Nature  25.3.1 The Unreasonable ... 1783KB
  [143/171] [ETA: 4.7 min] No progress in 50+ years. 25.5.2 The Dual Nature Explanation... 1787KB
  [144/171] [ETA: 4.5 min] 25.8 Why Modern Physics Points Toward Zone Architecture  25.... 1693KB
  [145/171] [ETA: 4.4 min] ......    Retry 1/3 in 1s: No audio was received. Please verify that your parameters are correct.
    Retry 2/3 in 2s: No audio was received. Please verify that your parameters are correct.
    FAILED after 3 attempts: No audio was received. Please verify that your parameters are correct.
 SKIP
  [146/171] [ETA: 4.2 min] Chapter 26: Conclusion and Future Directions  26.1 The Journ... 1683KB
  [147/171] [ETA: 4.0 min] 26.2.5 Observable Reality Validates Framework  Chapter 15 de... 1832KB
  [148/171] [ETA: 3.9 min] 26.3.4 Theological Development  We have shown that zone arch... 1839KB
  [149/171] [ETA: 3.7 min] 26.5.5 For General Readers  If this framework resonates with... 1799KB
  [150/171] [ETA: 3.6 min] Not by assertion but by reasoning. Not by faith alone but by... 827KB
  [151/171] [ETA: 3.4 min] ......    Retry 1/3 in 1s: No audio was received. Please verify that your parameters are correct.
    Retry 2/3 in 2s: No audio was received. Please verify that your parameters are correct.
    FAILED after 3 attempts: No audio was received. Please verify that your parameters are correct.
 SKIP
  [152/171] [ETA: 3.2 min] Appendices.... 12KB
  [153/171] [ETA: 3.1 min] ......    Retry 1/3 in 1s: No audio was received. Please verify that your parameters are correct.
    Retry 2/3 in 2s: No audio was received. Please verify that your parameters are correct.
    FAILED after 3 attempts: No audio was received. Please verify that your parameters are correct.
 SKIP
  [154/171] [ETA: 2.9 min] Appendix A: Hebrew Word Analysis  A.1 Introduction  This app... 1799KB
  [155/171] [ETA: 2.7 min] Theological depth: Waters represent both: (1) Creative poten... 1829KB
  [156/171] [ETA: 2.6 min] Imago Dei includes:  Rationality (capacity to reason, logos)... 1624KB
  [157/171] [ETA: 2.4 min] ......    Retry 1/3 in 1s: No audio was received. Please verify that your parameters are correct.
    Retry 2/3 in 2s: No audio was received. Please verify that your parameters are correct.
    FAILED after 3 attempts: No audio was received. Please verify that your parameters are correct.
 SKIP
  [158/171] [ETA: 2.3 min] Appendix B: Mathematical Formalism Foundations  B.1 Introduc... 1037KB
  [159/171] [ETA: 2.1 min] Metric structure described by line element:  ds2 equals g mu... 2420KB
  [160/171] [ETA: 2.0 min] Complete mathematical physics requires:  Detailed membrane t... 242KB
  [161/171] [ETA: 1.8 min] ......    Retry 1/3 in 1s: No audio was received. Please verify that your parameters are correct.
    Retry 2/3 in 2s: No audio was received. Please verify that your parameters are correct.
    FAILED after 3 attempts: No audio was received. Please verify that your parameters are correct.
 SKIP
  [162/171] [ETA: 1.6 min] Appendix C: Glossary of Terms  C.1 Theological Terms  Bara (... 1818KB
  [163/171] [ETA: 1.5 min] Our framework: Waters want to mix, four purposes for entropy... 1822KB
  [164/171] [ETA: 1.3 min] Manifested as: The Word/Light (Day 1 organizing vibration), ... 356KB
  [165/171] [ETA: 1.1 min] ......    Retry 1/3 in 1s: No audio was received. Please verify that your parameters are correct.
    Retry 2/3 in 2s: No audio was received. Please verify that your parameters are correct.
    FAILED after 3 attempts: No audio was received. Please verify that your parameters are correct.
 SKIP
  [166/171] [ETA: 1.0 min] Appendix D: Biblical References  D.1 Genesis Creation Accoun... 2393KB
  [167/171] [ETA: 0.8 min] Revelation 21:3: 'Dwelling place of God is with man.' Eterna... 864KB
  [168/171] [ETA: 0.7 min] ......    Retry 1/3 in 1s: No audio was received. Please verify that your parameters are correct.
    Retry 2/3 in 2s: No audio was received. Please verify that your parameters are correct.
    FAILED after 3 attempts: No audio was received. Please verify that your parameters are correct.
 SKIP
  [169/171] [ETA: 0.5 min] Appendix E: Zone Comparison Tables  E.1 Primary Zone Propert... 3313KB
  [170/171] [ETA: 0.3 min] ......    Retry 1/3 in 1s: No audio was received. Please verify that your parameters are correct.
    Retry 2/3 in 2s: No audio was received. Please verify that your parameters are correct.
    FAILED after 3 attempts: No audio was received. Please verify that your parameters are correct.
 SKIP
  [171/171] [ETA: 0.2 min] End of Genesis Physics.... 15KB

  Synthesis complete in 28.1 minutes
  Concatenating 138 chunks...

  OUTPUT: C:\Users\J Raymond\OneDrive\Documents\ExodusProtocol\Bible Physics\Genesis_Physics_Audiobook.mp3
  Size: 193.8 MB

============================================================
  MRG Technical Paper
============================================================
  Words: 6,575
  Estimated duration: 44 minutes (0.7 hours)
  Chunks: 16

  [1/16] Membrane Resonance Generator Technical Paper.... 23KB
  [2/16] [ETA: 0.2 min] ......    Retry 1/3 in 1s: No audio was received. Please verify that your parameters are correct.
    Retry 2/3 in 2s: No audio was received. Please verify that your parameters are correct.
    FAILED after 3 attempts: No audio was received. Please verify that your parameters are correct.
 SKIP
  [3/16] [ETA: 0.7 min] The Membrane Resonance Generator  Energy Extraction from the... 1731KB
  [4/16] [ETA: 1.2 min] In the framework’s interpretation, all of it is Waters in th... 1717KB
  [5/16] [ETA: 1.5 min] 3.2 A Membrane Model  A membrane is structural (has tension,... 1660KB
  [6/16] [ETA: 1.6 min] 4.4 Observable Evidence for Active Sustaining  The universe ... 1642KB
  [7/16] [ETA: 1.5 min] K plus flows in (driven by the +80 mV EP), depolarizing the ... 1585KB
  [8/16] [ETA: 1.4 min] If you believe God designed the ear — and the Bible says He ... 1704KB
  [9/16] [ETA: 1.3 min] This is a frequency mismatch — piezoelectric materials have ... 2018KB
  [10/16] [ETA: 1.2 min] Even at eta equals 0.001 (0.1%), the output is measurable an... 1759KB
  [11/16] [ETA: 1.0 min] At K equals 1,200: K^(1 over 3) equals 10.6, K^(1 over 2) eq... 1915KB
  [12/16] [ETA: 0.9 min] "It is the glory of God to conceal a matter; to search out a... 2189KB
  [13/16] [ETA: 0.8 min] alpha minus1 is approximately equal to 1.44 times ln( xi A/ ... 2956KB
  [14/16] [ETA: 0.6 min] 3.57 times 1080 m3. Observable universe volume  H0. 2.27 tim... 157KB
  [15/16] [ETA: 0.4 min] ......    Retry 1/3 in 1s: No audio was received. Please verify that your parameters are correct.
    Retry 2/3 in 2s: No audio was received. Please verify that your parameters are correct.
    FAILED after 3 attempts: No audio was received. Please verify that your parameters are correct.
 SKIP
  [16/16] [ETA: 0.2 min] End of document.... 13KB

  Synthesis complete in 2.9 minutes
  Concatenating 14 chunks...

  OUTPUT: C:\Users\J Raymond\OneDrive\Documents\ExodusProtocol\Bible Physics\MRG_Technical_Paper_Audiobook.mp3
  Size: 20.6 MB

============================================================
  SUMMARY
============================================================
  Genesis Physics:    DONE
  MRG Technical Paper: DONE

  Files saved to: C:\Users\J Raymond\OneDrive\Documents\ExodusProtocol\Bible Physics

